INFO:root:Started
INFO:root:Finished
INFO:root:Started
INFO:root:Finished
INFO:root:Started
INFO:root:Finished
INFO:root:Started
INFO:root:Finished
INFO:root:Started
INFO:root:Finished
INFO:root:Started
INFO:root:Finished
INFO:root:Started
INFO:root:Started
INFO:root:Started
INFO:root:Started
INFO:root:Started
